    path "source"
new_type "directory"
 fs_type "directory"
  status "added" "known"

   path "source/ignored_1"
fs_type "file"
 status "ignored"

    path "source/ignored_dir"
new_type "directory"
 fs_type "directory"
  status "added" "known"

    path "source/ignored_dir/oops"
new_type "file"
 fs_type "none"
  status "added" "missing"
 changes "content"

    path "source/source_1"
new_type "file"
 fs_type "file"
  status "added" "known"
 changes "content"

    path "source/source_2"
new_type "file"
 fs_type "file"
  status "added" "known"
 changes "content"
