ignore_file: 'keys':
ignore_file: 'source':
ignore_file: 'source/ignored_dir':
ignore_file: 'source/ignored_1':
ignore_file: 'source/ignored_dir':
