    left [8395803a177ddec8e34a3115017e6a2e2c3db1ad]
   right [ada52b5ebe1a53fb0d72b94059293f2d216ba97b]
ancestor [e7e993e78373c58b3b7bcc032a6383bfc1310a88]

     conflict duplicate_name
    left_type "added file"
    left_name "foo/x"
 left_file_id [75e12a4830b87d440b8ecadbdbcdf20842278d30]
   right_type "added file"
   right_name "bar/x"
right_file_id [53059abba1a72c7aff34a3eaf7fef10ed65541ce]
