    path ""
old_type "directory"
new_type "directory"
 fs_type "directory"
   birth [cb271687054afd3c2b873c8994f206f08fb240d3]
  status "known"

    path "source"
old_type "directory"
new_path "target"
 fs_type "none"
  status "rename_source"

    path "source/dropped"
old_type "file"
 fs_type "none"
  status "dropped"

    path "source/missing"
old_type "file"
new_path "target/missing"
 fs_type "none"
  status "rename_source"

    path "source/rename_source"
old_type "file"
new_path "target/rename_target"
 fs_type "none"
  status "rename_source"

    path "source/source_1"
old_type "file"
new_path "target/source_1"
 fs_type "none"
  status "rename_source"

    path "source/source_2"
old_type "file"
new_path "target/source_2"
 fs_type "none"
  status "rename_source"
