    left [0b9e5111f3e13ccb1727bc936aff962020dc9809]
   right [49d6a10f5f09b064a35f1700966795ae698f0555]
ancestor [7d854bf031420b7a5c1cafcb908f1020593196a8]

         conflict content
        node_type "file"
    ancestor_name "bar"
 ancestor_file_id [f0ef49fe92167fe2a086588019ffcff7ea561786]
        left_name "bar"
     left_file_id [08cd878106a93ce2ef036a32499c1432adb3ee0d]
       right_name "bar"
    right_file_id [0cf419dd93d38b2daaaf1f5e0f3ec647745b9690]
resolved_internal 

         conflict content
        node_type "file"
    ancestor_name "baz"
 ancestor_file_id [55320c8cee4b87edb47ec6d7e678af53eed2c717]
        left_name "baz"
     left_file_id [4ba6aabe8949871079bb70b5ae0cd64d502def46]
       right_name "baz"
    right_file_id [ac923b3bc65d6638cdee243bd46b57d3e14ce4ee]
resolved_internal 

        conflict content
       node_type "file"
   ancestor_name "foo"
ancestor_file_id [26798f895189be8aa9a366011e3253c738966010]
       left_name "foo"
    left_file_id [e6b176b142ff08e09a1d8f836b5c65d9f650c0ef]
      right_name "foo"
   right_file_id [5d4daf4aff681dfcb97cca561ec06298489fafa3]
