To: foo@example.com
From: code@example.com
Subject: testbranch: 425f7d00baffb1f43a12b60f106b2293d5dddd7c
--1
revision:            425f7d00baffb1f43a12b60f106b2293d5dddd7c
author:              tester@test.net
branch:              testbranch
new_manifest [7d7201b5790d5f03cb148fe419c146329d509c3f]
old_revision [dea7b0e6d7db3450398fa32af3938861b4e6dc60]
patch "test2"
 from [62cdb7020ff920e5aa642c3d4066950dd1f01f4d]
   to [8843d7f92416211de9ebb963ff4ce28125932878]
--1
--2
=3D=3D=3D=3D=3D=3D=3D=3D=3D=3D=3D=3D=3D=3D=3D=3D=3D=3D=3D=3D=3D=3D=3D=3D=3D=
=3D=3D=3D=3D=3D=3D=3D=3D=3D=3D=3D=3D=3D=3D=3D=3D=3D=3D=3D=3D=3D=3D=3D=3D=3D=
=3D=3D=3D=3D=3D=3D=3D=3D=3D=3D
--- test2	62cdb7020ff920e5aa642c3d4066950dd1f01f4d
+++ test2	8843d7f92416211de9ebb963ff4ce28125932878
@@ -1 +1 @@
-bar
\ No newline at end of file
+foobar
\ No newline at end of file

--2
--2--
--1--
To: foo@example.com
From: code@example.com
Subject: testbranch: dea7b0e6d7db3450398fa32af3938861b4e6dc60
--3
revision:            dea7b0e6d7db3450398fa32af3938861b4e6dc60
author:              tester@test.net
branch:              testbranch
new_manifest [b41ab7e3662a901fd8e2b6687804b8dcb2718264]
old_revision []
add_file "test1"
 content [0beec7b5ea3f0fdbc95d0dd47f3c5bc275da8a33]
add_file "test2"
 content [62cdb7020ff920e5aa642c3d4066950dd1f01f4d]
--3
--4
=3D=3D=3D=3D=3D=3D=3D=3D=3D=3D=3D=3D=3D=3D=3D=3D=3D=3D=3D=3D=3D=3D=3D=3D=3D=
=3D=3D=3D=3D=3D=3D=3D=3D=3D=3D=3D=3D=3D=3D=3D=3D=3D=3D=3D=3D=3D=3D=3D=3D=3D=
=3D=3D=3D=3D=3D=3D=3D=3D=3D=3D
--- /dev/null=09
+++ test2	62cdb7020ff920e5aa642c3d4066950dd1f01f4d
+bar=

--4
--4--
--3--
