    left [298472e3a30969d3091ca5d1884f586dbb779909]
   right [e012baeb4f82b60b14d329b0aec96b6566b088ad]
ancestor [1869286d3425bea226f20e12eae8c3a7ea4ca37e]

     conflict duplicate_name
    left_type "added file"
    left_name "bar"
 left_file_id [ba4637112ee3e55a6106d647d6c4e04a6643f8eb]
   right_type "added file"
   right_name "bar"
right_file_id [fe6d523f607e2f2fc0f0defad3bda0351a95a337]
