    left [872b02c3aaa3b8ee6acf7e00e67108d5aaa8cb31]
   right [bf62726ad7c36e553cb8906906866962786e52c0]
ancestor [560b97068441495b17d8924f6122a1c47213a08b]

        conflict multiple_names
       left_type "renamed file"
   ancestor_name "foo"
ancestor_file_id [3dc9e2f630ea9c3e60e8947d41c4150b88340ea0]
       left_name "bar"
    left_file_id [3dc9e2f630ea9c3e60e8947d41c4150b88340ea0]
      right_type "renamed file"
   ancestor_name "foo"
ancestor_file_id [3dc9e2f630ea9c3e60e8947d41c4150b88340ea0]
      right_name "baz"
   right_file_id [3dc9e2f630ea9c3e60e8947d41c4150b88340ea0]
