    left [22a78387206cd5c57c1928e6fa88a3ccd63482b3]
   right [1cc80b23fa548415014fc90687c02d2bc3fa8e27]
ancestor [344c8d50b9b63b2db7b4e18e3e32e4684df98f64]

     conflict missing_root
    left_type "pivoted root"
ancestor_name "foo"
   right_type "pivoted root"
ancestor_name "bar"

     conflict multiple_names
    left_type "renamed directory"
ancestor_name ""
    left_name "aaa"
   right_type "renamed directory"
ancestor_name ""
   right_name "bbb"

     conflict duplicate_name
    left_type "renamed directory"
ancestor_name "foo"
    left_name ""
   right_type "renamed directory"
ancestor_name "bar"
   right_name ""
