    left [346bd924928d6db9baebc2be4cb2e321afef4c20]
   right [8d4f4db6f65492aea3794506dd75d686b212b0b3]
ancestor [92a81940172de7d170a2982af93ba795f28e2b6c]

     conflict orphaned_file
   right_type "deleted directory"
ancestor_name "foo"
    left_type "added file"
    left_name "foo/baz"
 left_file_id [f5122a7f896cb2dd7ecaa84be89c94ab09c15101]
