    left [a1414021bbe3928aa0c6608d395d125e96e11d07]
   right [1050b997cebd63dc67dbbd535cd1c07b1e5c2900]
ancestor []

conflict missing_root

  conflict duplicate_name
 left_type "added directory"
 left_name ""
right_type "added directory"
right_name ""
