    left [2bf9335ed387a7f1f082b0bc5ecdffa303d8393f]
   right [459c32f4c7b4676d47e23aff2bd67c1e2eae5f09]
ancestor [e7f711a68627ccae4aded5907fc80516ea1215fd]

        conflict invalid_name
       left_type "pivoted root"
   ancestor_name "foo"
      right_type "renamed file"
   ancestor_name "bad/_MTN"
ancestor_file_id [629d9e5d254241abf4b46f108fb53189e314e41d]
      right_name "foo/_MTN"
   right_file_id [629d9e5d254241abf4b46f108fb53189e314e41d]
