    left [ed75ad7763d3daf719c5dd9293c8faf02d3b028c]
   right [80b25937a5e5990de0989d925f0d391c3f45f5bb]
ancestor [5cb8b5c1004f75e23312344cc9f8c489fcbd3e87]

        conflict multiple_names
       left_type "renamed file"
   ancestor_name "foo"
ancestor_file_id [eaf183d079563812d0c6860225ea9e4e0e2ebc20]
       left_name "aaa"
    left_file_id [eaf183d079563812d0c6860225ea9e4e0e2ebc20]
      right_type "renamed file"
   ancestor_name "foo"
ancestor_file_id [eaf183d079563812d0c6860225ea9e4e0e2ebc20]
      right_name "bbb"
   right_file_id [eaf183d079563812d0c6860225ea9e4e0e2ebc20]
