    left [2badba7afcd709c190d4203b954951a7fd7c6b20]
   right [a757a3c19ce030fcdc9be0038307454ef7fd1ade]
ancestor [d5a2d848824be04c11fc2408167ef980bdd0fa9f]

        conflict orphaned_file
      right_type "deleted directory"
   ancestor_name "foo"
       left_type "renamed file"
   ancestor_name "bar"
ancestor_file_id [ac4c6d06436632e017bb7d3ea241734e8899f8ce]
       left_name "foo/baz"
    left_file_id [ac4c6d06436632e017bb7d3ea241734e8899f8ce]
