    left [8d0e5604b682548d80d1261d45c0d1977589ac52]
   right [911263a1d2f927974e435d6e5f658533325ded87]
ancestor [677b9f7d53aef1e2de0630bbe729a67dc97b43da]

        conflict duplicate_name
       left_type "renamed file"
   ancestor_name "foo"
ancestor_file_id [c6864a8456855c48afe83488a47501fe8b94bd57]
       left_name "bar"
    left_file_id [c6864a8456855c48afe83488a47501fe8b94bd57]
      right_type "added file"
      right_name "bar"
   right_file_id [c809d71002ec57a2f1d10221f05993012a491436]
