send_revision "0"
    send_cert "1"
     send_key "0"
