    path "source"
old_type "directory"
new_path "target"
 fs_type "none"
  status "rename_source"

    path "source/dropped"
old_type "file"
 fs_type "none"
  status "dropped"

    path "source/missing"
old_type "file"
new_path "target/missing"
 fs_type "none"
  status "rename_source"

    path "source/rename_source"
old_type "file"
new_path "target/rename_target"
 fs_type "none"
  status "rename_source"

    path "source/source_1"
old_type "file"
new_path "target/source_1"
 fs_type "none"
  status "rename_source"

    path "source/source_2"
old_type "file"
new_path "target/source_2"
 fs_type "none"
  status "rename_source"

    path "target"
new_type "directory"
old_path "source"
 fs_type "directory"
   birth [9453d17be20e9fe09f32d1cdb94372f538b9a69f]
  status "rename_target" "known"

    path "target/added"
new_type "file"
 fs_type "file"
  status "added" "known"
 changes "content"

   path "target/ignored_1"
fs_type "file"
 status "ignored"

    path "target/missing"
new_type "file"
old_path "source/missing"
 fs_type "none"
   birth [9453d17be20e9fe09f32d1cdb94372f538b9a69f]
  status "rename_target" "missing"

    path "target/rename_target"
new_type "file"
old_path "source/rename_source"
 fs_type "file"
   birth [9453d17be20e9fe09f32d1cdb94372f538b9a69f]
  status "rename_target" "known"

    path "target/source_1"
new_type "file"
old_path "source/source_1"
 fs_type "file"
   birth [9453d17be20e9fe09f32d1cdb94372f538b9a69f]
  status "rename_target" "known"

    path "target/source_2"
new_type "file"
old_path "source/source_2"
 fs_type "file"
   birth [9453d17be20e9fe09f32d1cdb94372f538b9a69f]
  status "rename_target" "known"
 changes "content"

   path "target/unknown_1"
fs_type "file"
 status "unknown"
