    path "source"
old_type "directory"
new_type "directory"
 fs_type "directory"
   birth [cb271687054afd3c2b873c8994f206f08fb240d3]
  status "known"

    path "source/added"
new_type "file"
 fs_type "file"
  status "added" "known"
 changes "content"

    path "source/dropped"
old_type "file"
 fs_type "none"
  status "dropped"

   path "source/ignored_1"
fs_type "file"
 status "ignored"

    path "source/missing"
old_type "file"
new_type "file"
 fs_type "none"
   birth [cb271687054afd3c2b873c8994f206f08fb240d3]
  status "missing"

    path "source/rename_source"
old_type "file"
new_path "source/rename_target"
 fs_type "none"
  status "rename_source"

    path "source/rename_target"
new_type "file"
old_path "source/rename_source"
 fs_type "file"
   birth [cb271687054afd3c2b873c8994f206f08fb240d3]
  status "rename_target" "known"

    path "source/source_1"
old_type "file"
new_type "file"
 fs_type "file"
   birth [cb271687054afd3c2b873c8994f206f08fb240d3]
  status "known"

    path "source/source_2"
old_type "file"
new_type "file"
 fs_type "file"
   birth [cb271687054afd3c2b873c8994f206f08fb240d3]
  status "known"
 changes "content"

   path "source/unknown_1"
fs_type "file"
 status "unknown"
