receive_revision "1"
    receive_cert "4"
     receive_key "1"
